[INFO] Scanning for projects...
[INFO] 
[INFO] ----------------------< com.example:lifecapsule >-----------------------
[INFO] Building LifeCapsule 0.0.1-SNAPSHOT
[INFO]   from pom.xml
[INFO] --------------------------------[ jar ]---------------------------------
[INFO] 
[INFO] >>> spring-boot:3.4.0:run (default-cli) > test-compile @ lifecapsule >>>
[INFO] 
[INFO] --- resources:3.3.1:resources (default-resources) @ lifecapsule ---
[INFO] Copying 2 resources from src\main\resources to target\classes
[INFO] Copying 0 resource from src\main\resources to target\classes
[INFO] 
[INFO] --- compiler:3.13.0:compile (default-compile) @ lifecapsule ---
[INFO] Nothing to compile - all classes are up to date.
[INFO] 
[INFO] --- resources:3.3.1:testResources (default-testResources) @ lifecapsule ---
[INFO] skip non existing resourceDirectory D:\12\lifecapsule\src\test\resources
[INFO] 
[INFO] --- compiler:3.13.0:testCompile (default-testCompile) @ lifecapsule ---
[INFO] Nothing to compile - all classes are up to date.
[INFO] 
[INFO] <<< spring-boot:3.4.0:run (default-cli) < test-compile @ lifecapsule <<<
[INFO] 
[INFO] 
[INFO] --- spring-boot:3.4.0:run (default-cli) @ lifecapsule ---
[INFO] Attaching agents: []

  .   ____          _            __ _ _
 /\\ / ___'_ __ _ _(_)_ __  __ _ \ \ \ \
( ( )\___ | '_ | '_| | '_ \/ _` | \ \ \ \
 \\/  ___)| |_)| | | | | || (_| |  ) ) ) )
  '  |____| .__|_| |_|_| |_\__, | / / / /
 =========|_|==============|___/=/_/_/_/

 :: Spring Boot ::                (v3.4.0)

2026-09-11T15:24:52.187+05:00  INFO 18400 --- [           main] c.e.lifecapsule.LifeCapsuleApplication   : Starting LifeCapsuleApplication using Java 17.0.15 with PID 18400 (D:\12\lifecapsule\target\classes started by janob in D:\12\lifecapsule)
2026-09-11T15:24:52.189+05:00  INFO 18400 --- [           main] c.e.lifecapsule.LifeCapsuleApplication   : The following 1 profile is active: "audit"
2026-09-11T15:24:52.755+05:00  INFO 18400 --- [           main] .s.d.r.c.RepositoryConfigurationDelegate : Bootstrapping Spring Data JPA repositories in DEFAULT mode.
2026-09-11T15:24:52.816+05:00  INFO 18400 --- [           main] .s.d.r.c.RepositoryConfigurationDelegate : Finished Spring Data repository scanning in 54 ms. Found 5 JPA repository interfaces.
2026-09-11T15:24:53.277+05:00  INFO 18400 --- [           main] o.s.b.w.embedded.tomcat.TomcatWebServer  : Tomcat initialized with port 8087 (http)
2026-09-11T15:24:53.292+05:00  INFO 18400 --- [           main] o.apache.catalina.core.StandardService   : Starting service [Tomcat]
2026-09-11T15:24:53.292+05:00  INFO 18400 --- [           main] o.apache.catalina.core.StandardEngine    : Starting Servlet engine: [Apache Tomcat/10.1.33]
2026-09-11T15:24:53.372+05:00  INFO 18400 --- [           main] o.a.c.c.C.[Tomcat].[localhost].[/]       : Initializing Spring embedded WebApplicationContext
2026-09-11T15:24:53.375+05:00  INFO 18400 --- [           main] w.s.c.ServletWebServerApplicationContext : Root WebApplicationContext: initialization completed in 1144 ms
2026-09-11T15:24:53.491+05:00  INFO 18400 --- [           main] o.hibernate.jpa.internal.util.LogHelper  : HHH000204: Processing PersistenceUnitInfo [name: default]
2026-09-11T15:24:53.557+05:00  INFO 18400 --- [           main] org.hibernate.Version                    : HHH000412: Hibernate ORM core version 6.6.2.Final
2026-09-11T15:24:53.593+05:00  INFO 18400 --- [           main] o.h.c.internal.RegionFactoryInitiator    : HHH000026: Second-level cache disabled
2026-09-11T15:24:53.856+05:00  INFO 18400 --- [           main] o.s.o.j.p.SpringPersistenceUnitInfo      : No LoadTimeWeaver setup: ignoring JPA class transformer
2026-09-11T15:24:53.883+05:00  INFO 18400 --- [           main] com.zaxxer.hikari.HikariDataSource       : HikariPool-1 - Starting...
2026-09-11T15:24:54.053+05:00  INFO 18400 --- [           main] com.zaxxer.hikari.pool.HikariPool        : HikariPool-1 - Added connection org.postgresql.jdbc.PgConnection@7956f93a
2026-09-11T15:24:54.054+05:00  INFO 18400 --- [           main] com.zaxxer.hikari.HikariDataSource       : HikariPool-1 - Start completed.
2026-09-11T15:24:54.091+05:00  WARN 18400 --- [           main] org.hibernate.orm.deprecation            : HHH90000025: PostgreSQLDialect does not need to be specified explicitly using 'hibernate.dialect' (remove the property setting and it will be selected by default)
2026-09-11T15:24:54.108+05:00  INFO 18400 --- [           main] org.hibernate.orm.connections.pooling    : HHH10001005: Database info:
	Database JDBC URL [Connecting through datasource 'HikariDataSource (HikariPool-1)']
	Database driver: undefined/unknown
	Database version: 17.4
	Autocommit mode: undefined/unknown
	Isolation level: undefined/unknown
	Minimum pool size: undefined/unknown
	Maximum pool size: undefined/unknown
2026-09-11T15:24:55.216+05:00  INFO 18400 --- [           main] o.h.e.t.j.p.i.JtaPlatformInitiator       : HHH000489: No JTA platform available (set 'hibernate.transaction.jta.platform' to enable JTA platform integration)
2026-09-11T15:24:55.321+05:00  INFO 18400 --- [           main] j.LocalContainerEntityManagerFactoryBean : Initialized JPA EntityManagerFactory for persistence unit 'default'
2026-09-11T15:24:55.684+05:00  INFO 18400 --- [           main] eAuthenticationProviderManagerConfigurer : Global AuthenticationManager configured with AuthenticationProvider bean with name authenticationProvider
2026-09-11T15:24:55.685+05:00  WARN 18400 --- [           main] r$InitializeUserDetailsManagerConfigurer : Global AuthenticationManager configured with an AuthenticationProvider bean. UserDetailsService beans will not be used by Spring Security for automatically configuring username/password login. Consider removing the AuthenticationProvider bean. Alternatively, consider using the UserDetailsService in a manually instantiated DaoAuthenticationProvider. If the current configuration is intentional, to turn off this warning, increase the logging level of 'org.springframework.security.config.annotation.authentication.configuration.InitializeUserDetailsBeanManagerConfigurer' to ERROR
2026-09-11T15:24:55.756+05:00  INFO 18400 --- [           main] o.s.d.j.r.query.QueryEnhancerFactory     : Hibernate is in classpath; If applicable, HQL parser will be used.
2026-09-11T15:24:58.623+05:00  WARN 18400 --- [           main] JpaBaseConfiguration$JpaWebConfiguration : spring.jpa.open-in-view is enabled by default. Therefore, database queries may be performed during view rendering. Explicitly configure spring.jpa.open-in-view to disable this warning
2026-09-11T15:24:59.041+05:00  INFO 18400 --- [           main] o.s.b.w.embedded.tomcat.TomcatWebServer  : Tomcat started on port 8087 (http) with context path '/'
2026-09-11T15:24:59.054+05:00  INFO 18400 --- [           main] c.e.lifecapsule.LifeCapsuleApplication   : Started LifeCapsuleApplication in 7.242 seconds (process running for 7.543)
2026-09-11T15:25:05.153+05:00  INFO 18400 --- [nio-8087-exec-4] o.a.c.c.C.[Tomcat].[localhost].[/]       : Initializing Spring DispatcherServlet 'dispatcherServlet'
2026-09-11T15:25:05.153+05:00  INFO 18400 --- [nio-8087-exec-4] o.s.web.servlet.DispatcherServlet        : Initializing Servlet 'dispatcherServlet'
2026-09-11T15:25:05.155+05:00  INFO 18400 --- [nio-8087-exec-4] o.s.web.servlet.DispatcherServlet        : Completed initialization in 2 ms
Hibernate: select u1_0.id,u1_0.created_at,u1_0.email,u1_0.first_name,u1_0.last_name,u1_0.middle_name,u1_0.password,u1_0.role,u1_0.status,u1_0.update_at,u1_0.user_name from users u1_0 where upper(u1_0.user_name)=upper(?)
Hibernate: select u1_0.id,u1_0.created_at,u1_0.email,u1_0.first_name,u1_0.last_name,u1_0.middle_name,u1_0.password,u1_0.role,u1_0.status,u1_0.update_at,u1_0.user_name from users u1_0 where upper(u1_0.user_name)=upper(?)
