[INFO] Scanning for projects...
[INFO] 
[INFO] ----------------------< com.example:lifecapsule >-----------------------
[INFO] Building LifeCapsule 0.0.1-SNAPSHOT
[INFO]   from pom.xml
[INFO] --------------------------------[ jar ]---------------------------------
[INFO] 
[INFO] >>> spring-boot:3.4.0:run (default-cli) > test-compile @ lifecapsule >>>
[INFO] 
[INFO] --- resources:3.3.1:resources (default-resources) @ lifecapsule ---
[INFO] Copying 1 resource from src\main\resources to target\classes
[INFO] Copying 0 resource from src\main\resources to target\classes
[INFO] 
[INFO] --- compiler:3.13.0:compile (default-compile) @ lifecapsule ---
[INFO] Nothing to compile - all classes are up to date.
[INFO] 
[INFO] --- resources:3.3.1:testResources (default-testResources) @ lifecapsule ---
[INFO] skip non existing resourceDirectory D:\12\lifecapsule\src\test\resources
[INFO] 
[INFO] --- compiler:3.13.0:testCompile (default-testCompile) @ lifecapsule ---
[INFO] Nothing to compile - all classes are up to date.
[INFO] 
[INFO] <<< spring-boot:3.4.0:run (default-cli) < test-compile @ lifecapsule <<<
[INFO] 
[INFO] 
[INFO] --- spring-boot:3.4.0:run (default-cli) @ lifecapsule ---
[INFO] Attaching agents: []

  .   ____          _            __ _ _
 /\\ / ___'_ __ _ _(_)_ __  __ _ \ \ \ \
( ( )\___ | '_ | '_| | '_ \/ _` | \ \ \ \
 \\/  ___)| |_)| | | | | || (_| |  ) ) ) )
  '  |____| .__|_| |_|_| |_\__, | / / / /
 =========|_|==============|___/=/_/_/_/

 :: Spring Boot ::                (v3.4.0)

2026-09-07T17:04:20.351+05:00  INFO 25304 --- [           main] c.e.lifecapsule.LifeCapsuleApplication   : Starting LifeCapsuleApplication using Java 17.0.15 with PID 25304 (D:\12\lifecapsule\target\classes started by janob in D:\12\lifecapsule)
2026-09-07T17:04:20.354+05:00  INFO 25304 --- [           main] c.e.lifecapsule.LifeCapsuleApplication   : No active profile set, falling back to 1 default profile: "default"
2026-09-07T17:04:20.939+05:00  INFO 25304 --- [           main] .s.d.r.c.RepositoryConfigurationDelegate : Bootstrapping Spring Data JPA repositories in DEFAULT mode.
2026-09-07T17:04:21.003+05:00  INFO 25304 --- [           main] .s.d.r.c.RepositoryConfigurationDelegate : Finished Spring Data repository scanning in 56 ms. Found 5 JPA repository interfaces.
2026-09-07T17:04:21.482+05:00  INFO 25304 --- [           main] o.s.b.w.embedded.tomcat.TomcatWebServer  : Tomcat initialized with port 8090 (http)
2026-09-07T17:04:21.494+05:00  INFO 25304 --- [           main] o.apache.catalina.core.StandardService   : Starting service [Tomcat]
2026-09-07T17:04:21.495+05:00  INFO 25304 --- [           main] o.apache.catalina.core.StandardEngine    : Starting Servlet engine: [Apache Tomcat/10.1.33]
2026-09-07T17:04:21.553+05:00  INFO 25304 --- [           main] o.a.c.c.C.[Tomcat].[localhost].[/]       : Initializing Spring embedded WebApplicationContext
2026-09-07T17:04:21.555+05:00  INFO 25304 --- [           main] w.s.c.ServletWebServerApplicationContext : Root WebApplicationContext: initialization completed in 1157 ms
2026-09-07T17:04:21.651+05:00  INFO 25304 --- [           main] o.hibernate.jpa.internal.util.LogHelper  : HHH000204: Processing PersistenceUnitInfo [name: default]
2026-09-07T17:04:21.690+05:00  INFO 25304 --- [           main] org.hibernate.Version                    : HHH000412: Hibernate ORM core version 6.6.2.Final
2026-09-07T17:04:21.715+05:00  INFO 25304 --- [           main] o.h.c.internal.RegionFactoryInitiator    : HHH000026: Second-level cache disabled
2026-09-07T17:04:21.907+05:00  INFO 25304 --- [           main] o.s.o.j.p.SpringPersistenceUnitInfo      : No LoadTimeWeaver setup: ignoring JPA class transformer
2026-09-07T17:04:21.933+05:00  INFO 25304 --- [           main] com.zaxxer.hikari.HikariDataSource       : HikariPool-1 - Starting...
2026-09-07T17:04:22.087+05:00  INFO 25304 --- [           main] com.zaxxer.hikari.pool.HikariPool        : HikariPool-1 - Added connection org.postgresql.jdbc.PgConnection@520a95ff
2026-09-07T17:04:22.087+05:00  INFO 25304 --- [           main] com.zaxxer.hikari.HikariDataSource       : HikariPool-1 - Start completed.
2026-09-07T17:04:22.115+05:00  WARN 25304 --- [           main] org.hibernate.orm.deprecation            : HHH90000025: PostgreSQLDialect does not need to be specified explicitly using 'hibernate.dialect' (remove the property setting and it will be selected by default)
2026-09-07T17:04:22.130+05:00  INFO 25304 --- [           main] org.hibernate.orm.connections.pooling    : HHH10001005: Database info:
	Database JDBC URL [Connecting through datasource 'HikariDataSource (HikariPool-1)']
	Database driver: undefined/unknown
	Database version: 17.4
	Autocommit mode: undefined/unknown
	Isolation level: undefined/unknown
	Minimum pool size: undefined/unknown
	Maximum pool size: undefined/unknown
2026-09-07T17:04:23.298+05:00  INFO 25304 --- [           main] o.h.e.t.j.p.i.JtaPlatformInitiator       : HHH000489: No JTA platform available (set 'hibernate.transaction.jta.platform' to enable JTA platform integration)
2026-09-07T17:04:23.467+05:00  INFO 25304 --- [           main] j.LocalContainerEntityManagerFactoryBean : Initialized JPA EntityManagerFactory for persistence unit 'default'
2026-09-07T17:04:23.782+05:00  INFO 25304 --- [           main] eAuthenticationProviderManagerConfigurer : Global AuthenticationManager configured with AuthenticationProvider bean with name authenticationProvider
2026-09-07T17:04:23.784+05:00  WARN 25304 --- [           main] r$InitializeUserDetailsManagerConfigurer : Global AuthenticationManager configured with an AuthenticationProvider bean. UserDetailsService beans will not be used by Spring Security for automatically configuring username/password login. Consider removing the AuthenticationProvider bean. Alternatively, consider using the UserDetailsService in a manually instantiated DaoAuthenticationProvider. If the current configuration is intentional, to turn off this warning, increase the logging level of 'org.springframework.security.config.annotation.authentication.configuration.InitializeUserDetailsBeanManagerConfigurer' to ERROR
2026-09-07T17:04:23.835+05:00  INFO 25304 --- [           main] o.s.d.j.r.query.QueryEnhancerFactory     : Hibernate is in classpath; If applicable, HQL parser will be used.
2026-09-07T17:04:26.710+05:00  WARN 25304 --- [           main] JpaBaseConfiguration$JpaWebConfiguration : spring.jpa.open-in-view is enabled by default. Therefore, database queries may be performed during view rendering. Explicitly configure spring.jpa.open-in-view to disable this warning
2026-09-07T17:04:27.237+05:00  INFO 25304 --- [           main] o.s.b.w.embedded.tomcat.TomcatWebServer  : Tomcat started on port 8090 (http) with context path '/'
2026-09-07T17:04:27.246+05:00  INFO 25304 --- [           main] c.e.lifecapsule.LifeCapsuleApplication   : Started LifeCapsuleApplication in 7.244 seconds (process running for 7.553)
Hibernate: select u1_0.id,u1_0.created_at,u1_0.email,u1_0.first_name,u1_0.last_name,u1_0.middle_name,u1_0.password,u1_0.role,u1_0.status,u1_0.update_at,u1_0.user_name from users u1_0 where upper(u1_0.user_name)=upper(?)
2026-09-07T17:04:27.728+05:00  INFO 25304 --- [nio-8090-exec-2] o.a.c.c.C.[Tomcat].[localhost].[/]       : Initializing Spring DispatcherServlet 'dispatcherServlet'
2026-09-07T17:04:27.728+05:00  INFO 25304 --- [nio-8090-exec-2] o.s.web.servlet.DispatcherServlet        : Initializing Servlet 'dispatcherServlet'
2026-09-07T17:04:27.728+05:00  INFO 25304 --- [nio-8090-exec-2] o.s.web.servlet.DispatcherServlet        : Completed initialization in 0 ms
Hibernate: select u1_0.id,u1_0.created_at,u1_0.email,u1_0.first_name,u1_0.last_name,u1_0.middle_name,u1_0.password,u1_0.role,u1_0.status,u1_0.update_at,u1_0.user_name from users u1_0 where upper(u1_0.user_name)=upper(?)
Hibernate: select u1_0.id,u1_0.created_at,u1_0.email,u1_0.first_name,u1_0.last_name,u1_0.middle_name,u1_0.password,u1_0.role,u1_0.status,u1_0.update_at,u1_0.user_name from users u1_0 where upper(u1_0.user_name)=upper(?)
Hibernate: select u1_0.id,u1_0.created_at,u1_0.email,u1_0.first_name,u1_0.last_name,u1_0.middle_name,u1_0.password,u1_0.role,u1_0.status,u1_0.update_at,u1_0.user_name from users u1_0 where upper(u1_0.user_name)=upper(?)
Hibernate: select f1_0.id,f1_0.created_at,f1_0.created_by,f1_0.description,f1_0.name,f1_0.update_at,f1_0.visibility from family f1_0 where cast(? as text) is null or lower(f1_0.name) like lower(('%'||cast(? as text)||'%')) escape '' or lower(coalesce(f1_0.description,'')) like lower(('%'||cast(? as text)||'%')) escape '' order by f1_0.created_at desc,f1_0.id fetch first ? rows only
